# mdadm
# Giới thiệu
mdadm là gói để quản lý RAID và có sẵn trong hầu hết các bản phân phối Linux.  


# 1. Hướng dẫn tạo RAID
Ta sẽ ví dụ tạo RAID0

## 1.1. Kiểm tra thông tin ổ đĩa trên máy
Trước khi tạo RAID0, cần đảm bảo có ít nhất hai ổ đĩa cứng chạy lệnh sau để kiểm tra:  
```
[root@localhost ~]# fdisk -l |grep sd
Disk /dev/sda: 21.5 GB, 21474836480 bytes, 41943040 sectors
/dev/sda1   *        2048     2099199     1048576   83  Linux
/dev/sda2         2099200    41943039    19921920   8e  Linux LVM
Disk /dev/sdb: 10.7 GB, 10737418240 bytes, 20971520 sectors
Disk /dev/sdc: 10.7 GB, 10737418240 bytes, 20971520 sectors
```  
Qua lệnh kiểm tra trên chúng ta thấy có 2 đĩa cứng mới được phát hiện, bây giờ chúng ta thực hiện kiểm tra xem các ổ cứng có sử dụng RAID nào chưa bằng lệnh `mdadm` cùng với tùy chọn `--examine` như bên dưới.  

```
[root@localhost ~]# mdadm --examine /dev/sd[b-c]
mdadm: No md superblock detected on /dev/sdb.
mdadm: No md superblock detected on /dev/sdc.
```
Kết trên trả về cho chúng ta biết rằng không có RAID nào được áp dụng cho hai ổ `sdb` và `sdc`.

## 1.2. Tạo phân vùng đĩa cứng
Thực hiện tạo phân vùng trên đĩa có tên là sdb và sdc cho RAID bằng lệnh fdisk.  
Việc tạo phân vùng ta tham khảo tại [bài 6.1](https://github.com/haidang10897/VCC_Training/blob/master/Linux_Basic/Docs/IV.%20Managing%20Files%20and%20Filesystems/6.1.%20Creating%20Partitions%20fdisk.md)  

Tiếp theo chúng ta chạy lệnh bên dưới để kiểm tra xem các đĩa hiện có tham gia RAID nào không:  
```
[root@localhost ~]#  mdadm --examine /dev/sd[b-c]
/dev/sdb:
   MBR Magic : aa55
Partition[0] :     20969472 sectors at         2048 (type fd)
/dev/sdc:
   MBR Magic : aa55
Partition[0] :     20969472 sectors at         2048 (type fd)
[root@localhost ~]#  mdadm --examine /dev/sd[b-c]1
mdadm: No md superblock detected on /dev/sdb1.
mdadm: No md superblock detected on /dev/sdc1.
```

## 1.3. Tạo RAID0
Chúng ta chạy lệnh sau để tạo RAID0:  
```
mdadm -C /dev/md0 -l raid0 -n 2 /dev/sd[b-c]1
```  
Trong đó:  

-   `-C`: Tạo RAID mới.  
-   `-l`: Level của RAID.  
-   `-n`: Không có thiết bị RAID.  

Kiểm tra lại RAID vừa tạo bằng các cách sau:  
```
[root@localhost ~]# cat /proc/mdstat
Personalities : [raid0]
md0 : active raid0 sdc1[1] sdb1[0]
      20951040 blocks super 1.2 512k chunks

unused devices: <none>
```  
Qua kết quả trên cho chúng ta thấy RAID0 đã được tạo với hai phân vùng `sdb1` và `sdc1`.  

## 1.4. Tạo file system (ext4) cho thiết bị RAID
```
mkfs.ext4 /dev/md0
```
Chi tiết hơn có thể xem ở [bài 4](https://github.com/haidang10897/VCC_Training/blob/master/Linux_Basic/Docs/IV.%20Managing%20Files%20and%20Filesystems/4.%20Creating%20Filesystems_mkfs.md)

## 1.5. Lưu cấu hình RAID
Lưu cấu hình RAID vào một tệp để giữ cấu hình để sử dụng trong tương lai.  
Chúng ta sử dụng lệnh  `mdadm`  với các tùy chọn  `-s`(quét) và  `-v`  (dài dòng) như sau:  
```
[root@localhost ~]# mdadm -E -s -v >> /etc/mdadm.conf
[root@localhost ~]# cat /etc/mdadm.conf
ARRAY /dev/md/0  level=raid0 metadata=1.2 num-devices=2 UUID=98cffedb:dd23fd6d:07b60209:b92643bd name=localhost.localdomain:0
   devices=/dev/sdc1,/dev/sdb1
```  

# 2. Phát triển một mảng RAID và loại bỏ các đĩa lỗi trong RAID
Mảng chỉ là một bộ sưu tập các đĩa hay mảng là một tập hợp hoặc nhóm. Mảng (array) RAID chứa số lượng đĩa, nó có thể là 2, 4, 6, 8, 12, 16,...  

Trong ví dụ bên dưới chúng ta đang sử dụng 2 đĩa trong một mảng để tạo thành một RAID và trong một số trường hợp nếu chúng ta cần thêm không gian trong nhóm đó, chúng ta có thể mở rộng kích thước của một mảng bằng lệnh  `mdadm -grow`. Sau khi phát triển (thêm đĩa vào một mảng hiện có), chúng ta sẽ xem cách loại bỏ một trong các đĩa bị lỗi khỏi mảng.  

Các tính năng của tăng trưởng RAID:  

-   Có thể mở rộng kích thước của bất kỳ bộ RAID nào.
-   Có thể loại bỏ đĩa bị lỗi sau khi thêm đĩa mới vào RAID.
-   Phát triển mạng RAID mà không có thời gian chết.

Yêu cầu:  

-   Để phát triển một mảng RAID, chúng ta cần một bộ RAID hiện có. Chúng ta cần thêm đĩa để phát triển Array.  

## 2.1.  Phát triển một mảng RAID hiện có
### Bước 1: Trước khi phát triển một mảng, trước tiên hãy liệt kê mảng RAID hiện có bằng lệnh sau.
```
mdadm --detail /dev/md0
```

### Bước 2: Thêm đĩa mới `sdd` vào hệ thống và thực hiện tạo một phân vùng mới trên đĩa `/dev/sdd` bằng lệnh `fdisk`.

### Bước 3: Thêm phân vùng mới `/dev/sdd1` vào trong mảng `/dev/md0` hiện có, sử dụng lệnh sau.
```
[root@localhost ~]# mdadm --manage /dev/md0 --add /dev/sdd1
mdadm: added /dev/sdd1
```  
Đĩa mới đã được thêm, kiểm tra đĩa đã thêm trong mảng của chúng ta chưa chạy lệnh bên dưới:  
```
[root@localhost ~]# mdadm --detail /dev/md0
/dev/md0:
           Version : 1.2
     Creation Time : Thu May 23 04:17:19 2019
        Raid Level : raid1
        Array Size : 10475520 (9.99 GiB 10.73 GB)
     Used Dev Size : 10475520 (9.99 GiB 10.73 GB)
      Raid Devices : 2
     Total Devices : 3
       Persistence : Superblock is persistent

       Update Time : Thu May 23 04:33:00 2019
             State : clean
    Active Devices : 2
   Working Devices : 3
    Failed Devices : 0
     Spare Devices : 1

Consistency Policy : resync

              Name : localhost.localdomain:0  (local to host localhost.localdomain)
              UUID : d5a64756:00be081e:3429ccfb:3300a5ac
            Events : 20

    Number   Major   Minor   RaidDevice State
       0       8       17        0      active sync   /dev/sdb1
       1       8       33        1      active sync   /dev/sdc1

       2       8       49        -      spare   /dev/sdd1
```  

có thể thấy ổ đĩa đã được thêm vào như một ổ đĩa phụ.  

### Bước 4: Để phát triển mảng sử dụng đĩa mới thêm vào thì chúng ta phải sử dụng lệnh dưới đây:  
```
[root@localhost ~]# mdadm --grow --raid-devices=3 /dev/md0
raid_disks for /dev/md0 set to 3
```  
Chúng ta có thể thấy đĩa thứ ba (sdd1) đã được thêm vào mảng, sau khi thêm đĩa thứ ba, nó sẽ đồng bộ dữ liệu từ hai đĩa khác.  
```
[root@localhost ~]# mdadm --detail /dev/md0
/dev/md0:
           Version : 1.2
     Creation Time : Thu May 23 04:17:19 2019
        Raid Level : raid1
        Array Size : 10475520 (9.99 GiB 10.73 GB)
     Used Dev Size : 10475520 (9.99 GiB 10.73 GB)
      Raid Devices : 3
     Total Devices : 3
       Persistence : Superblock is persistent

       Update Time : Thu May 23 04:38:00 2019
             State : clean, degraded, recovering
    Active Devices : 2
   Working Devices : 3
    Failed Devices : 0
     Spare Devices : 1

Consistency Policy : resync

    Rebuild Status : 85% complete

              Name : localhost.localdomain:0  (local to host localhost.localdomain)
              UUID : d5a64756:00be081e:3429ccfb:3300a5ac
            Events : 37

    Number   Major   Minor   RaidDevice State
       0       8       17        0      active sync   /dev/sdb1
       1       8       33        1      active sync   /dev/sdc1
       2       8       49        2      spare rebuilding   /dev/sdd1
```  
Như vậy chúng ta đã phát triển mảng RAID thành công.  

## 7.2. Loại bỏ đĩa khỏi mảng

Sau khi dữ liệu được đồng bộ hóa với đĩa mới  `/dev/sdd1`  từ hai đĩa khác và cả ba đĩa hiện có cùng một nội dung.  
Giả sử rằng đĩa  `/dev/sdb1`  là một đĩa yếu và cần phải được gỡ bỏ khỏi mảng RAID, trước khi nó bị lỗi.  
### Bước 1: Trước khi loại bỏ một đĩa chúng ta phải đánh dấu đĩa đó là `fail` như sau:  
```
[root@localhost ~]# mdadm --fail /dev/md0 /dev/sdb1
mdadm: set /dev/sdb1 faulty in /dev/md0
[root@localhost ~]# mdadm --detail /dev/md0
/dev/md0:
           Version : 1.2
     Creation Time : Thu May 23 04:17:19 2019
        Raid Level : raid1
        Array Size : 10475520 (9.99 GiB 10.73 GB)
     Used Dev Size : 10475520 (9.99 GiB 10.73 GB)
      Raid Devices : 3
     Total Devices : 3
       Persistence : Superblock is persistent

       Update Time : Thu May 23 04:45:01 2019
             State : clean, degraded
    Active Devices : 2
   Working Devices : 2
    Failed Devices : 1
     Spare Devices : 0

Consistency Policy : resync

              Name : localhost.localdomain:0  (local to host localhost.localdomain)
              UUID : d5a64756:00be081e:3429ccfb:3300a5ac
            Events : 43

    Number   Major   Minor   RaidDevice State
       -       0        0        0      removed
       1       8       33        1      active sync   /dev/sdc1
       2       8       49        2      active sync   /dev/sdd1

       0       8       17        -      faulty   /dev/sdb1
```  

Từ kết quả trên, chúng ta thấy rằng đĩa  `/dev/sdb1`  được đánh dấu là bị lỗi ở phía dưới.  
Bây giờ chúng ta loại bỏ ổ đĩa bị lỗi khỏi mảng RAID và phát triển mảng RAID với 2 thiết bị.  
```
[root@localhost ~]# mdadm --remove /dev/md0 /dev/sdb1
mdadm: hot removed /dev/sdb1 from /dev/md0
```  

Khi ổ đĩa bị lỗi được gỡ bỏ, chúng ta sẽ phát triển mảng RAID bằng 2 đĩa.  
```
[root@localhost ~]# mdadm --grow --raid-devices=2 /dev/md0
raid_disks for /dev/md0 set to 2
[root@localhost ~]# mdadm --detail /dev/md0
/dev/md0:
           Version : 1.2
     Creation Time : Thu May 23 04:17:19 2019
        Raid Level : raid1
        Array Size : 10475520 (9.99 GiB 10.73 GB)
     Used Dev Size : 10475520 (9.99 GiB 10.73 GB)
      Raid Devices : 2
     Total Devices : 2
       Persistence : Superblock is persistent

       Update Time : Thu May 23 04:48:57 2019
             State : clean
    Active Devices : 2
   Working Devices : 2
    Failed Devices : 0
     Spare Devices : 0

Consistency Policy : resync

              Name : localhost.localdomain:0  (local to host localhost.localdomain)
              UUID : d5a64756:00be081e:3429ccfb:3300a5ac
            Events : 47

    Number   Major   Minor   RaidDevice State
       1       8       33        0      active sync   /dev/sdc1
       2       8       49        1      active sync   /dev/sdd1
```  
Kết quả trên cho chúng ta rằng mảng RAID chỉ có 2 thiết bị.  
Qua đây gíúp cho chúng ta biết cách phát triển một RAID hiện có và cách xóa đĩa bị lỗi khỏi một mảng sau khi đồng bộ hóa lại nội dung hiện có. Tất cả các bước này có thể được thực hiện mà không có bất kỳ thời gian chết. Trong quá trình đồng bộ hóa dữ liệu, người dùng hệ thống, tệp và ứng dụng sẽ không bị ảnh hưởng trong mọi trường hợp.  





